// Jest Snapshot v1, https://goo.gl/fbAQLP

exports[`FormInput renders correctly 1`] = `
<View
  style={
    Array [
      Object {
        "borderBottomColor": "#bdc6cf",
        "borderBottomWidth": 1,
        "marginLeft": 20,
        "marginRight": 20,
      },
      Array [
        Object {
          "backgroundColor": "rgba(255,255,255,0.05)",
          "borderBottomColor": "#D0D1D5",
          "borderBottomWidth": 1,
          "marginLeft": 0,
          "marginRight": 0,
          "marginTop": 10,
        },
        Array [],
      ],
    ]
  }
>
  <TextInput
    style={
      Array [
        Object {
          "color": "#86939e",
          "fontSize": 17.5,
          "minHeight": 36,
          "width": 750,
        },
        Array [
          Object {
            "color": "#222222",
            "fontFamily": "HelveticaNeue",
            "paddingHorizontal": 0,
            "paddingVertical": 3,
          },
          Array [],
        ],
      ]
    }
    value="John Smith"
  />
</View>
`;
