// Jest Snapshot v1, https://goo.gl/fbAQLP

exports[`ListItem renders correctly 1`] = `
<View
  avatar={1}
  onLongPress={undefined}
  onPress={undefined}
  style={
    Array [
      Object {
        "backgroundColor": "transparent",
        "borderBottomColor": "#bbb",
        "borderBottomWidth": 1,
        "paddingBottom": 10,
        "paddingRight": 10,
        "paddingTop": 10,
      },
      Array [
        Object {
          "backgroundColor": "#FFFFFF",
          "borderBottomColor": "#D0D1D5",
          "borderTopColor": "#D0D1D5",
        },
        Array [],
      ],
    ]
  }
  subTitle="Sub title"
  underlayColor="#D0D1D5"
>
  <View
    style={
      Array [
        Object {
          "flexDirection": "row",
          "marginLeft": 10,
        },
        undefined,
      ]
    }
  >
    <View
      style={
        Object {
          "height": 34,
          "width": 34,
        }
      }
    >
      <View
        activeOpacity={undefined}
        onLongPress={undefined}
        onPress={undefined}
        style={
          Array [
            Object {
              "backgroundColor": "transparent",
              "height": 34,
              "paddingBottom": 10,
              "paddingRight": 10,
              "paddingTop": 10,
              "width": 34,
            },
            Object {
              "borderRadius": 17,
            },
            undefined,
          ]
        }
      >
        <View
          style={
            Array [
              Object {
                "alignItems": "center",
                "alignSelf": "stretch",
                "backgroundColor": "rgba(0,0,0,0.2)",
                "bottom": 0,
                "flex": 1,
                "justifyContent": "center",
                "left": 0,
                "position": "absolute",
                "right": 0,
                "top": 0,
              },
              Object {
                "borderRadius": 17,
              },
              undefined,
            ]
          }
        >
          <Image
            source={1}
            style={
              Array [
                Object {
                  "height": 34,
                  "width": 34,
                },
                Object {
                  "borderRadius": 17,
                },
                undefined,
              ]
            }
          />
        </View>
      </View>
    </View>
    <View
      style={
        Object {
          "flex": 1,
          "justifyContent": "center",
        }
      }
    >
      <View
        style={undefined}
      >
        <Text
          accessible={true}
          allowFontScaling={true}
          ellipsizeMode="tail"
          numberOfLines={1}
          style={
            Array [
              Object {},
              undefined,
              undefined,
              undefined,
              undefined,
              undefined,
              undefined,
              undefined,
              undefined,
              undefined,
              Array [
                Object {
                  "color": "#43484d",
                  "fontSize": 17.5,
                },
                Object {
                  "marginLeft": 10,
                },
                Array [
                  Object {
                    "color": "#222222",
                    "fontFamily": "HelveticaNeue",
                    "fontSize": 14,
                    "fontWeight": "300",
                    "lineHeight": 18,
                  },
                  Array [],
                ],
                undefined,
              ],
            ]
          }
        >
          Hello world
        </Text>
      </View>
      <View
        style={undefined}
      >
        <View />
      </View>
    </View>
    <View
      accessibilityComponentType={undefined}
      accessibilityLabel={undefined}
      accessibilityTraits={undefined}
      accessible={true}
      hitSlop={undefined}
      isTVSelectable={true}
      onLayout={undefined}
      onResponderGrant={[Function]}
      onResponderMove={[Function]}
      onResponderRelease={[Function]}
      onResponderTerminate={[Function]}
      onResponderTerminationRequest={[Function]}
      onStartShouldSetResponder={[Function]}
      style={
        Object {
          "alignItems": "flex-end",
          "flex": 0.15,
          "justifyContent": "center",
          "opacity": 1,
        }
      }
      testID={undefined}
      tvParallaxProperties={undefined}
    >
      <View
        onPress={undefined}
        style={
          Array [
            false,
            false,
            false,
            Object {
              "alignItems": "center",
              "backgroundColor": "transparent",
              "justifyContent": "center",
            },
            undefined,
          ]
        }
        underlayColor="white"
      >
        <Text
          accessible={true}
          allowFontScaling={false}
          ellipsizeMode="tail"
          style={
            Array [
              Object {
                "color": "#777777",
                "fontSize": 28,
              },
              Array [
                Object {
                  "backgroundColor": "transparent",
                },
                undefined,
              ],
              Object {
                "fontFamily": "Material Icons",
                "fontStyle": "normal",
                "fontWeight": "normal",
              },
            ]
          }
        >
          î—Œ
        </Text>
      </View>
    </View>
  </View>
</View>
`;
